components/Footer.tsx(22,94): error TS1003: Identifier expected.
components/Footer.tsx(22,251): error TS1382: Unexpected token. Did you mean `{'>'}` or `&gt;`?
components/Footer.tsx(22,275): error TS17002: Expected corresponding JSX closing tag for 'div'.
components/Footer.tsx(66,9): error TS17002: Expected corresponding JSX closing tag for 'footer'.
components/Footer.tsx(67,5): error TS1005: ')' expected.
components/Footer.tsx(68,3): error TS1109: Expression expected.
components/Footer.tsx(69,1): error TS1128: Declaration or statement expected.
pages/UserAuth.tsx(44,6): error TS17008: JSX element 'div' has no corresponding closing tag.
pages/UserAuth.tsx(45,8): error TS17008: JSX element 'div' has no corresponding closing tag.
pages/UserAuth.tsx(58,10): error TS17008: JSX element 'form' has no corresponding closing tag.
pages/UserAuth.tsx(65,12): error TS17008: JSX element 'div' has no corresponding closing tag.
pages/UserAuth.tsx(90,67): error TS1005: '</' expected.
pages/UserAuth.tsx(90,67): error TS1109: Expression expected.
